*------------------------------------------------------------*
User:                u59396733
Date:                08 April 2022
Time:                17:01:21
*------------------------------------------------------------*
* Training Output
*------------------------------------------------------------*
 
 
 
 
Variable Summary
 
         Measurement    Frequency
Role        Level         Count
 
INPUT     BINARY             1
INPUT     INTERVAL          10
INPUT     NOMINAL            1
 
 
 
 
 
The DMNEURL Procedure
 
Variable    Level            Mean       Std Dev
 
JOB                       0.04681       0.21125
JOB         MGR           0.12869       0.33489
JOB         OFFICE        0.15906       0.36576
JOB         OTHER         0.40067       0.49008
JOB         PROFEXE       0.21409       0.41023
JOB         SALES         0.01829       0.13400
JOB         SELF          0.03238       0.17703
REASON                    0.04228       0.20125
REASON      DEBTCON       0.65906       0.47406
REASON      HOMEIMP       0.29866       0.45771
CLAGE                   179.76628      83.56306
CLNO                     21.29610       9.94828
DEBTINC                  33.77992       7.63271
DELINQ                    0.44944       1.07100
DEROG                     0.25457       0.79420
LOAN                        18608         11207
MORTDUE                     73761         42481
NINQ                      1.18606       1.65305
VALUE                      101776         56844
YOJ                       8.92227       7.23930
 
 
 
 
 
The DMNEURL Procedure
 
              Eigenvalues of Correlation Matrix
 
        Eigenvalue    Difference    Proportion    Cumulative
 
   1    2.55937485    0.47980053        0.1280        0.1280
   2    2.07957432    0.54543087        0.1040        0.2319
   3    1.53414345    0.11194526        0.0767        0.3087
   4    1.42219819    0.07123468        0.0711        0.3798
   5    1.35096351    0.07664460        0.0675        0.4473
   6    1.27431891    0.05430243        0.0637        0.5110
   7    1.22001648    0.09914761        0.0610        0.5720
   8    1.12086887    0.05679875        0.0560        0.6281
   9    1.06407012    0.07282363        0.0532        0.6813
  10    0.99124649    0.12245295        0.0496        0.7308
  11    0.86879354    0.02035448        0.0434        0.7743
  12    0.84843906    0.04228452        0.0424        0.8167
  13    0.80615454    0.05840032        0.0403        0.8570
  14    0.74775422    0.08128018        0.0374        0.8944
  15    0.66647404    0.01562416        0.0333        0.9277
  16    0.65084988    0.05906950        0.0325        0.9603
  17    0.59178038    0.38880121        0.0296        0.9899
  18    0.20297917    0.20297917        0.0101        1.0000
  19    0.00000000    0.00000000        0.0000        1.0000
  20    0.00000000                      0.0000        1.0000
 
 
 
 
 
 
 
 
 
 
 
 
*------------------------------------------------------------*
Summary of Exported Principal Components
*------------------------------------------------------------*
 
Total number of input variables: 12
Maximum number cutoff of principal components: 7
Cumulative proportional eigenvalue cutoff: 0.97
Proportional eigenvalue increment cutoff: 0.001
Number of the selected principal components: 7
Total variation explained by the selected principal components: 0.5720294851


*------------------------------------------------------------*
* Score Output
*------------------------------------------------------------*


*------------------------------------------------------------*
* Report Output
*------------------------------------------------------------*
